#-----------------------------------------------------------
# Vivado v2018.3 (64-bit)
# SW Build 2405991 on Thu Dec  6 23:38:27 MST 2018
# IP Build 2404404 on Fri Dec  7 01:43:56 MST 2018
# Start of session at: Wed May 26 19:17:36 2021
# Process ID: 5260
# Current directory: D:/Na_uczelnie/Magisterka/Semestr_1/SDUP/Project/repo/data_sniffer
# Command line: vivado.exe -gui_launcher_event rodinguilauncherevent10068 D:\Na_uczelnie\Magisterka\Semestr_1\SDUP\Project\repo\data_sniffer\data_sniffer.xpr
# Log file: D:/Na_uczelnie/Magisterka/Semestr_1/SDUP/Project/repo/data_sniffer/vivado.log
# Journal file: D:/Na_uczelnie/Magisterka/Semestr_1/SDUP/Project/repo/data_sniffer\vivado.jou
#-----------------------------------------------------------
start_gui
open_project D:/Na_uczelnie/Magisterka/Semestr_1/SDUP/Project/repo/data_sniffer/data_sniffer.xpr
update_compile_order -fileset sources_1
close [ open D:/Na_uczelnie/Magisterka/Semestr_1/SDUP/Project/repo/data_sniffer/data_sniffer.srcs/sources_1/new/bit_comparator_tb.v w ]
add_files D:/Na_uczelnie/Magisterka/Semestr_1/SDUP/Project/repo/data_sniffer/data_sniffer.srcs/sources_1/new/bit_comparator_tb.v
update_compile_order -fileset sources_1
update_compile_order -fileset sources_1
launch_simulation
source bit_comparator_tb.tcl
