#-----------------------------------------------------------
# Webtalk v2018.3 (64-bit)
# SW Build 2405991 on Thu Dec  6 23:38:27 MST 2018
# IP Build 2404404 on Fri Dec  7 01:43:56 MST 2018
# Start of session at: Sun Jun  6 00:20:05 2021
# Process ID: 17248
# Current directory: C:/Users/rzesz/Desktop/Coding/FPGA/Data_sniffer_v2/Data_sniffer_v2.sim/sim_1/behav/xsim
# Command line: wbtcv.exe -mode batch -source C:/Users/rzesz/Desktop/Coding/FPGA/Data_sniffer_v2/Data_sniffer_v2.sim/sim_1/behav/xsim/xsim.dir/NumberChecker_tb_behav/webtalk/xsim_webtalk.tcl -notrace
# Log file: C:/Users/rzesz/Desktop/Coding/FPGA/Data_sniffer_v2/Data_sniffer_v2.sim/sim_1/behav/xsim/webtalk.log
# Journal file: C:/Users/rzesz/Desktop/Coding/FPGA/Data_sniffer_v2/Data_sniffer_v2.sim/sim_1/behav/xsim\webtalk.jou
#-----------------------------------------------------------
source C:/Users/rzesz/Desktop/Coding/FPGA/Data_sniffer_v2/Data_sniffer_v2.sim/sim_1/behav/xsim/xsim.dir/NumberChecker_tb_behav/webtalk/xsim_webtalk.tcl -notrace
