#-----------------------------------------------------------
# Vivado v2018.3 (64-bit)
# SW Build 2405991 on Thu Dec  6 23:38:27 MST 2018
# IP Build 2404404 on Fri Dec  7 01:43:56 MST 2018
# Start of session at: Tue Jun  8 16:43:15 2021
# Process ID: 7148
# Current directory: D:/Na_uczelnie/Magisterka/Semestr_1/SDUP/Project/repo/Data_sniffer_v2
# Command line: vivado.exe -gui_launcher_event rodinguilauncherevent1236 D:\Na_uczelnie\Magisterka\Semestr_1\SDUP\Project\repo\Data_sniffer_v2\Data_sniffer_v2.xpr
# Log file: D:/Na_uczelnie/Magisterka/Semestr_1/SDUP/Project/repo/Data_sniffer_v2/vivado.log
# Journal file: D:/Na_uczelnie/Magisterka/Semestr_1/SDUP/Project/repo/Data_sniffer_v2\vivado.jou
#-----------------------------------------------------------
start_gui
open_project D:/Na_uczelnie/Magisterka/Semestr_1/SDUP/Project/repo/Data_sniffer_v2/Data_sniffer_v2.xpr
update_compile_order -fileset sources_1
# Disabling source management mode.  This is to allow the top design properties to be set without GUI intervention.
set_property source_mgmt_mode None [current_project]
set_property top memory_tb [get_filesets sim_1]
set_property top_lib xil_defaultlib [get_filesets sim_1]
# Re-enabling previously disabled source management mode.
set_property source_mgmt_mode All [current_project]
update_compile_order -fileset sim_1
launch_simulation
source memory_tb.tcl
close_sim
launch_simulation
source memory_tb.tcl
run 10 us
run 10 us
run 10 us
close_sim
launch_simulation
source memory_tb.tcl
# Disabling source management mode.  This is to allow the top design properties to be set without GUI intervention.
set_property source_mgmt_mode None [current_project]
set_property top StateMachine_tb [get_filesets sim_1]
set_property top_lib xil_defaultlib [get_filesets sim_1]
# Re-enabling previously disabled source management mode.
set_property source_mgmt_mode All [current_project]
update_compile_order -fileset sim_1
launch_simulation
source StateMachine_tb.tcl
close_sim
launch_simulation
source StateMachine_tb.tcl
close_sim
launch_simulation
source StateMachine_tb.tcl
close_sim
launch_simulation
source StateMachine_tb.tcl
close_sim
launch_simulation
source StateMachine_tb.tcl
add_bp {D:/Na_uczelnie/Magisterka/Semestr_1/SDUP/Project/repo/Data_sniffer_v2/Data_sniffer_v2.srcs/sources_1/new/StateMachine.v} 84
close_sim
launch_simulation
source StateMachine_tb.tcl
run all
remove_bps -file {D:/Na_uczelnie/Magisterka/Semestr_1/SDUP/Project/repo/Data_sniffer_v2/Data_sniffer_v2.srcs/sources_1/new/StateMachine.v} -line 84
add_bp {D:/Na_uczelnie/Magisterka/Semestr_1/SDUP/Project/repo/Data_sniffer_v2/Data_sniffer_v2.srcs/sources_1/new/StateMachine.v} 57
close_sim
launch_simulation
source StateMachine_tb.tcl
run all
step
step
step
step
run all
run all
run all
close_sim
launch_simulation
source StateMachine_tb.tcl
run all
run all
run all
run all
run all
run all
run all
run all
run all
run all
run all
run all
run all
run all
run all
close_sim
launch_simulation
source StateMachine_tb.tcl
run all
run all
run all
run all
run all
run all
run all
add_bp {D:/Na_uczelnie/Magisterka/Semestr_1/SDUP/Project/repo/Data_sniffer_v2/Data_sniffer_v2.srcs/sources_1/new/StateMachine.v} 82
run all
run all
run all
run all
remove_bps -file {D:/Na_uczelnie/Magisterka/Semestr_1/SDUP/Project/repo/Data_sniffer_v2/Data_sniffer_v2.srcs/sources_1/new/StateMachine.v} -line 57
run all
run all
run all
run all
run all
close_sim
launch_simulation
source StateMachine_tb.tcl
run all
run all
run all
run all
run all
run all
run all
run all
run all
remove_bps -file {D:/Na_uczelnie/Magisterka/Semestr_1/SDUP/Project/repo/Data_sniffer_v2/Data_sniffer_v2.srcs/sources_1/new/StateMachine.v} -line 82
close_sim
launch_simulation
source StateMachine_tb.tcl
add_bp {D:/Na_uczelnie/Magisterka/Semestr_1/SDUP/Project/repo/Data_sniffer_v2/Data_sniffer_v2.srcs/sources_1/new/StateMachine.v} 121
run all
add_bp {D:/Na_uczelnie/Magisterka/Semestr_1/SDUP/Project/repo/Data_sniffer_v2/Data_sniffer_v2.srcs/sources_1/new/StateMachine.v} 105
add_bp {D:/Na_uczelnie/Magisterka/Semestr_1/SDUP/Project/repo/Data_sniffer_v2/Data_sniffer_v2.srcs/sources_1/new/StateMachine.v} 104
close_sim
launch_simulation
source StateMachine_tb.tcl
step
step
run all
add_bp {D:/Na_uczelnie/Magisterka/Semestr_1/SDUP/Project/repo/Data_sniffer_v2/Data_sniffer_v2.srcs/sources_1/new/StateMachine.v} 60
close_sim
launch_simulation
source StateMachine_tb.tcl
step
step
step
close_sim
launch_simulation
source StateMachine_tb.tcl
step
step
step
step
run all
step
step
step
step
step
step
run all
add_bp {D:/Na_uczelnie/Magisterka/Semestr_1/SDUP/Project/repo/Data_sniffer_v2/Data_sniffer_v2.srcs/sources_1/new/StateMachine.v} 78
close_sim
launch_simulation
source StateMachine_tb.tcl
run all
run all
step
step
step
step
step
step
step
run all
close_sim
launch_simulation
source StateMachine_tb.tcl
run all
run all
step
step
run all
close_sim
launch_simulation
source StateMachine_tb.tcl
step
step
step
step
step
step
step
step
step
step
step
step
step
step
step
step
step
step
step
step
step
add_bp {D:/Na_uczelnie/Magisterka/Semestr_1/SDUP/Project/repo/Data_sniffer_v2/Data_sniffer_v2.srcs/sources_1/new/StateMachine.v} 58
step
step
step
step
step
step
step
step
step
run all
step
step
step
step
step
close_sim
launch_simulation
source StateMachine_tb.tcl
step
step
step
step
run all
step
step
step
step
step
step
run all
step
step
step
step
step
step
step
step
step
run all
step
step
step
step
step
step
step
step
step
run all
step
step
step
step
step
step
step
step
run all
step
step
close_sim
launch_simulation
source StateMachine_tb.tcl
run all
run all
run all
run all
run all
run all
run all
run all
run all
run all
run all
run all
run all
run all
run all
run all
run all
step
step
step
step
run all
step
step
add_bp {D:/Na_uczelnie/Magisterka/Semestr_1/SDUP/Project/repo/Data_sniffer_v2/Data_sniffer_v2.srcs/sources_1/new/StateMachine.v} 133
run all
run all
run all
run all
run all
run all
run all
step
close_sim
launch_simulation
source StateMachine_tb.tcl
remove_bps -file {D:/Na_uczelnie/Magisterka/Semestr_1/SDUP/Project/repo/Data_sniffer_v2/Data_sniffer_v2.srcs/sources_1/new/StateMachine.v} -line 58
remove_bps -file {D:/Na_uczelnie/Magisterka/Semestr_1/SDUP/Project/repo/Data_sniffer_v2/Data_sniffer_v2.srcs/sources_1/new/StateMachine.v} -line 60
remove_bps -file {D:/Na_uczelnie/Magisterka/Semestr_1/SDUP/Project/repo/Data_sniffer_v2/Data_sniffer_v2.srcs/sources_1/new/StateMachine.v} -line 105
remove_bps -file {D:/Na_uczelnie/Magisterka/Semestr_1/SDUP/Project/repo/Data_sniffer_v2/Data_sniffer_v2.srcs/sources_1/new/StateMachine.v} -line 133
add_bp {D:/Na_uczelnie/Magisterka/Semestr_1/SDUP/Project/repo/Data_sniffer_v2/Data_sniffer_v2.srcs/sources_1/new/StateMachine.v} 123
run all
step
step
step
run all
add_bp {D:/Na_uczelnie/Magisterka/Semestr_1/SDUP/Project/repo/Data_sniffer_v2/Data_sniffer_v2.srcs/sources_1/new/StateMachine.v} 133
add_bp {D:/Na_uczelnie/Magisterka/Semestr_1/SDUP/Project/repo/Data_sniffer_v2/Data_sniffer_v2.srcs/sources_1/new/StateMachine.v} 129
add_bp {D:/Na_uczelnie/Magisterka/Semestr_1/SDUP/Project/repo/Data_sniffer_v2/Data_sniffer_v2.srcs/sources_1/new/StateMachine.v} 130
add_bp {D:/Na_uczelnie/Magisterka/Semestr_1/SDUP/Project/repo/Data_sniffer_v2/Data_sniffer_v2.srcs/sources_1/new/StateMachine.v} 135
add_bp {D:/Na_uczelnie/Magisterka/Semestr_1/SDUP/Project/repo/Data_sniffer_v2/Data_sniffer_v2.srcs/sources_1/new/StateMachine.v} 136
add_bp {D:/Na_uczelnie/Magisterka/Semestr_1/SDUP/Project/repo/Data_sniffer_v2/Data_sniffer_v2.srcs/sources_1/new/StateMachine.v} 137
add_bp {D:/Na_uczelnie/Magisterka/Semestr_1/SDUP/Project/repo/Data_sniffer_v2/Data_sniffer_v2.srcs/sources_1/new/StateMachine.v} 140
add_bp {D:/Na_uczelnie/Magisterka/Semestr_1/SDUP/Project/repo/Data_sniffer_v2/Data_sniffer_v2.srcs/sources_1/new/StateMachine.v} 141
run all
close_sim
launch_simulation
source StateMachine_tb.tcl
run all
run all
run all
run all
run all
run all
run all
run all
run all
run all
run all
run all
step
step
step
run all
run all
run all
run all
run all
run all
run all
run all
run all
run all
run all
run all
run all
remove_bps -file {D:/Na_uczelnie/Magisterka/Semestr_1/SDUP/Project/repo/Data_sniffer_v2/Data_sniffer_v2.srcs/sources_1/new/StateMachine.v} -line 123
remove_bps -file {D:/Na_uczelnie/Magisterka/Semestr_1/SDUP/Project/repo/Data_sniffer_v2/Data_sniffer_v2.srcs/sources_1/new/StateMachine.v} -line 129
remove_bps -file {D:/Na_uczelnie/Magisterka/Semestr_1/SDUP/Project/repo/Data_sniffer_v2/Data_sniffer_v2.srcs/sources_1/new/StateMachine.v} -line 130
run all
step
close_sim
launch_simulation
source StateMachine_tb.tcl
close_sim
launch_simulation
source StateMachine_tb.tcl
step
step
step
step
close_sim
launch_simulation
source StateMachine_tb.tcl
run all
close_sim
launch_simulation
source StateMachine_tb.tcl
add_bp {D:/Na_uczelnie/Magisterka/Semestr_1/SDUP/Project/repo/Data_sniffer_v2/Data_sniffer_v2.srcs/sources_1/new/StateMachine.v} 77
close_sim
launch_simulation
source StateMachine_tb.tcl
step
step
step
step
step
step
step
step
run all
step
step
step
step
step
step
step
step
run all
step
step
step
step
step
close_sim
launch_simulation
source StateMachine_tb.tcl
step
step
step
step
step
step
step
step
run all
close_sim
launch_simulation
source StateMachine_tb.tcl
close_sim
launch_simulation
source StateMachine_tb.tcl
step
step
step
step
step
add_bp {D:/Na_uczelnie/Magisterka/Semestr_1/SDUP/Project/repo/Data_sniffer_v2/Data_sniffer_v2.srcs/sources_1/new/StateMachine.v} 58
close_sim
launch_simulation
source StateMachine_tb.tcl
step
step
step
step
run all
step
step
step
close_sim
launch_simulation
source StateMachine_tb.tcl
step
step
step
step
step
step
step
step
step
step
step
step
step
step
step
step
step
step
step
step
step
step
step
step
step
step
step
step
step
step
step
step
step
step
step
step
step
step
step
step
step
step
step
step
step
step
step
step
step
step
step
step
step
step
step
step
step
step
step
step
step
step
step
step
step
step
step
step
step
step
step
step
step
step
step
step
step
step
step
step
step
step
step
step
step
step
step
step
step
step
step
step
step
run all
step
step
step
step
step
step
step
step
step
run all
run all
step
step
step
remove_bps -file {D:/Na_uczelnie/Magisterka/Semestr_1/SDUP/Project/repo/Data_sniffer_v2/Data_sniffer_v2.srcs/sources_1/new/StateMachine.v} -line 58
close_sim
launch_simulation
source StateMachine_tb.tcl
step
step
step
step
step
step
step
step
run all
close_sim
launch_simulation
source StateMachine_tb.tcl
step
add_bp {D:/Na_uczelnie/Magisterka/Semestr_1/SDUP/Project/repo/Data_sniffer_v2/Data_sniffer_v2.srcs/sources_1/new/StateMachine.v} 138
close_sim
launch_simulation
source StateMachine_tb.tcl
add_bp {D:/Na_uczelnie/Magisterka/Semestr_1/SDUP/Project/repo/Data_sniffer_v2/Data_sniffer_v2.srcs/sources_1/new/StateMachine.v} 146
add_bp {D:/Na_uczelnie/Magisterka/Semestr_1/SDUP/Project/repo/Data_sniffer_v2/Data_sniffer_v2.srcs/sources_1/new/StateMachine.v} 144
run all
run all
run all
run all
run all
run all
run all
step
step
remove_bps -file {D:/Na_uczelnie/Magisterka/Semestr_1/SDUP/Project/repo/Data_sniffer_v2/Data_sniffer_v2.srcs/sources_1/new/StateMachine.v} -line 141
add_bp {D:/Na_uczelnie/Magisterka/Semestr_1/SDUP/Project/repo/Data_sniffer_v2/Data_sniffer_v2.srcs/sources_1/new/StateMachine.v} 128
run all
step
close_sim
launch_simulation
source StateMachine_tb.tcl
run all
run all
close_sim
launch_simulation
source StateMachine_tb.tcl
step
step
step
add_bp {D:/Na_uczelnie/Magisterka/Semestr_1/SDUP/Project/repo/Data_sniffer_v2/Data_sniffer_v2.srcs/sources_1/new/StateMachine.v} 139
close_sim
launch_simulation
source StateMachine_tb.tcl
run all
run all
run all
remove_bps -file {D:/Na_uczelnie/Magisterka/Semestr_1/SDUP/Project/repo/Data_sniffer_v2/Data_sniffer_v2.srcs/sources_1/new/StateMachine.v} -line 139
remove_bps -file {D:/Na_uczelnie/Magisterka/Semestr_1/SDUP/Project/repo/Data_sniffer_v2/Data_sniffer_v2.srcs/sources_1/new/StateMachine.v} -line 144
run all
run all
step
